// Jest Snapshot v1, https://goo.gl/fbAQLP

exports[`<User /> should render 1`] = `
<DocumentFragment>
  <div>
    User Id: 1
  </div>
</DocumentFragment>
`;
